Analysis & Synthesis report for fp_adder_top
Sat Jun 20 19:16:22 2026
Quartus Prime Version 21.1.0 Build 842 10/21/2021 SJ Lite Edition


---------------------
; Table of Contents ;
---------------------
  1. Legal Notice
  2. Analysis & Synthesis Summary
  3. Analysis & Synthesis Settings
  4. Parallel Compilation
  5. Analysis & Synthesis Source Files Read
  6. Analysis & Synthesis Resource Usage Summary
  7. Analysis & Synthesis Resource Utilization by Entity
  8. Registers Removed During Synthesis
  9. General Register Statistics
 10. Multiplexer Restructuring Statistics (Restructuring Performed)
 11. Port Connectivity Checks: "fp_adder:main_adder|mantissa_calc:mant_calc_1"
 12. Post-Synthesis Netlist Statistics for Top Partition
 13. Elapsed Time Per Partition
 14. Analysis & Synthesis Messages



----------------
; Legal Notice ;
----------------
Copyright (C) 2021  Intel Corporation. All rights reserved.
Your use of Intel Corporation's design tools, logic functions 
and other software and tools, and any partner logic 
functions, and any output files from any of the foregoing 
(including device programming or simulation files), and any 
associated documentation or information are expressly subject 
to the terms and conditions of the Intel Program License 
Subscription Agreement, the Intel Quartus Prime License Agreement,
the Intel FPGA IP License Agreement, or other applicable license
agreement, including, without limitation, that your use is for
the sole purpose of programming logic devices manufactured by
Intel and sold by Intel or its authorized distributors.  Please
refer to the applicable agreement for further details, at
https://fpgasoftware.intel.com/eula.



+----------------------------------------------------------------------------------+
; Analysis & Synthesis Summary                                                     ;
+------------------------------------+---------------------------------------------+
; Analysis & Synthesis Status        ; Successful - Sat Jun 20 19:16:22 2026       ;
; Quartus Prime Version              ; 21.1.0 Build 842 10/21/2021 SJ Lite Edition ;
; Revision Name                      ; fp_adder_top                                ;
; Top-level Entity Name              ; fp_adder_top                                ;
; Family                             ; Cyclone IV E                                ;
; Total logic elements               ; 861                                         ;
;     Total combinational functions  ; 794                                         ;
;     Dedicated logic registers      ; 105                                         ;
; Total registers                    ; 105                                         ;
; Total pins                         ; 109                                         ;
; Total virtual pins                 ; 0                                           ;
; Total memory bits                  ; 0                                           ;
; Embedded Multiplier 9-bit elements ; 0                                           ;
; Total PLLs                         ; 0                                           ;
+------------------------------------+---------------------------------------------+


+------------------------------------------------------------------------------------------------------------+
; Analysis & Synthesis Settings                                                                              ;
+------------------------------------------------------------------+--------------------+--------------------+
; Option                                                           ; Setting            ; Default Value      ;
+------------------------------------------------------------------+--------------------+--------------------+
; Top-level entity name                                            ; fp_adder_top       ; fp_adder_top       ;
; Family name                                                      ; Cyclone IV E       ; Cyclone V          ;
; Use smart compilation                                            ; Off                ; Off                ;
; Enable parallel Assembler and Timing Analyzer during compilation ; On                 ; On                 ;
; Enable compact report table                                      ; Off                ; Off                ;
; Restructure Multiplexers                                         ; Auto               ; Auto               ;
; Create Debugging Nodes for IP Cores                              ; Off                ; Off                ;
; Preserve fewer node names                                        ; On                 ; On                 ;
; Intel FPGA IP Evaluation Mode                                    ; Enable             ; Enable             ;
; Verilog Version                                                  ; Verilog_2001       ; Verilog_2001       ;
; VHDL Version                                                     ; VHDL_1993          ; VHDL_1993          ;
; State Machine Processing                                         ; Auto               ; Auto               ;
; Safe State Machine                                               ; Off                ; Off                ;
; Extract Verilog State Machines                                   ; On                 ; On                 ;
; Extract VHDL State Machines                                      ; On                 ; On                 ;
; Ignore Verilog initial constructs                                ; Off                ; Off                ;
; Iteration limit for constant Verilog loops                       ; 5000               ; 5000               ;
; Iteration limit for non-constant Verilog loops                   ; 250                ; 250                ;
; Add Pass-Through Logic to Inferred RAMs                          ; On                 ; On                 ;
; Infer RAMs from Raw Logic                                        ; On                 ; On                 ;
; Parallel Synthesis                                               ; On                 ; On                 ;
; DSP Block Balancing                                              ; Auto               ; Auto               ;
; NOT Gate Push-Back                                               ; On                 ; On                 ;
; Power-Up Don't Care                                              ; On                 ; On                 ;
; Remove Redundant Logic Cells                                     ; Off                ; Off                ;
; Remove Duplicate Registers                                       ; On                 ; On                 ;
; Ignore CARRY Buffers                                             ; Off                ; Off                ;
; Ignore CASCADE Buffers                                           ; Off                ; Off                ;
; Ignore GLOBAL Buffers                                            ; Off                ; Off                ;
; Ignore ROW GLOBAL Buffers                                        ; Off                ; Off                ;
; Ignore LCELL Buffers                                             ; Off                ; Off                ;
; Ignore SOFT Buffers                                              ; On                 ; On                 ;
; Limit AHDL Integers to 32 Bits                                   ; Off                ; Off                ;
; Optimization Technique                                           ; Balanced           ; Balanced           ;
; Carry Chain Length                                               ; 70                 ; 70                 ;
; Auto Carry Chains                                                ; On                 ; On                 ;
; Auto Open-Drain Pins                                             ; On                 ; On                 ;
; Perform WYSIWYG Primitive Resynthesis                            ; Off                ; Off                ;
; Auto ROM Replacement                                             ; On                 ; On                 ;
; Auto RAM Replacement                                             ; On                 ; On                 ;
; Auto DSP Block Replacement                                       ; On                 ; On                 ;
; Auto Shift Register Replacement                                  ; Auto               ; Auto               ;
; Allow Shift Register Merging across Hierarchies                  ; Auto               ; Auto               ;
; Auto Clock Enable Replacement                                    ; On                 ; On                 ;
; Strict RAM Replacement                                           ; Off                ; Off                ;
; Allow Synchronous Control Signals                                ; On                 ; On                 ;
; Force Use of Synchronous Clear Signals                           ; Off                ; Off                ;
; Auto RAM Block Balancing                                         ; On                 ; On                 ;
; Auto RAM to Logic Cell Conversion                                ; Off                ; Off                ;
; Auto Resource Sharing                                            ; Off                ; Off                ;
; Allow Any RAM Size For Recognition                               ; Off                ; Off                ;
; Allow Any ROM Size For Recognition                               ; Off                ; Off                ;
; Allow Any Shift Register Size For Recognition                    ; Off                ; Off                ;
; Use LogicLock Constraints during Resource Balancing              ; On                 ; On                 ;
; Ignore translate_off and synthesis_off directives                ; Off                ; Off                ;
; Timing-Driven Synthesis                                          ; On                 ; On                 ;
; Report Parameter Settings                                        ; On                 ; On                 ;
; Report Source Assignments                                        ; On                 ; On                 ;
; Report Connectivity Checks                                       ; On                 ; On                 ;
; Ignore Maximum Fan-Out Assignments                               ; Off                ; Off                ;
; Synchronization Register Chain Length                            ; 2                  ; 2                  ;
; Power Optimization During Synthesis                              ; Normal compilation ; Normal compilation ;
; HDL message level                                                ; Level2             ; Level2             ;
; Suppress Register Optimization Related Messages                  ; Off                ; Off                ;
; Number of Removed Registers Reported in Synthesis Report         ; 5000               ; 5000               ;
; Number of Swept Nodes Reported in Synthesis Report               ; 5000               ; 5000               ;
; Number of Inverted Registers Reported in Synthesis Report        ; 100                ; 100                ;
; Clock MUX Protection                                             ; On                 ; On                 ;
; Auto Gated Clock Conversion                                      ; Off                ; Off                ;
; Block Design Naming                                              ; Auto               ; Auto               ;
; SDC constraint protection                                        ; Off                ; Off                ;
; Synthesis Effort                                                 ; Auto               ; Auto               ;
; Shift Register Replacement - Allow Asynchronous Clear Signal     ; On                 ; On                 ;
; Pre-Mapping Resynthesis Optimization                             ; Off                ; Off                ;
; Analysis & Synthesis Message Level                               ; Medium             ; Medium             ;
; Disable Register Merging Across Hierarchies                      ; Auto               ; Auto               ;
; Resource Aware Inference For Block RAM                           ; On                 ; On                 ;
+------------------------------------------------------------------+--------------------+--------------------+


+------------------------------------------+
; Parallel Compilation                     ;
+----------------------------+-------------+
; Processors                 ; Number      ;
+----------------------------+-------------+
; Number detected on machine ; 12          ;
; Maximum allowed            ; 12          ;
;                            ;             ;
; Average used               ; 1.00        ;
; Maximum used               ; 12          ;
;                            ;             ;
; Usage by Processor         ; % Time Used ;
;     Processor 1            ; 100.0%      ;
;     Processor 2            ;   0.0%      ;
;     Processor 3            ;   0.0%      ;
;     Processor 4            ;   0.0%      ;
;     Processor 5            ;   0.0%      ;
;     Processor 6            ;   0.0%      ;
;     Processor 7            ;   0.0%      ;
;     Processor 8            ;   0.0%      ;
;     Processors 9-12        ;   0.0%      ;
+----------------------------+-------------+


+----------------------------------------------------------------------------------------------------------------------------------------------------------+
; Analysis & Synthesis Source Files Read                                                                                                                   ;
+----------------------------------+-----------------+------------------------------+------------------------------------------------------------+---------+
; File Name with User-Entered Path ; Used in Netlist ; File Type                    ; File Name with Absolute Path                               ; Library ;
+----------------------------------+-----------------+------------------------------+------------------------------------------------------------+---------+
; ../Modules/round_pkg.sv          ; yes             ; User SystemVerilog HDL File  ; A:/Desktop/Floating_point_adder/Modules/round_pkg.sv       ;         ;
; ../Modules/round_adder.sv        ; yes             ; User SystemVerilog HDL File  ; A:/Desktop/Floating_point_adder/Modules/round_adder.sv     ;         ;
; ../Modules/norm_adder.sv         ; yes             ; User SystemVerilog HDL File  ; A:/Desktop/Floating_point_adder/Modules/norm_adder.sv      ;         ;
; ../Modules/mantissa_calc.sv      ; yes             ; User SystemVerilog HDL File  ; A:/Desktop/Floating_point_adder/Modules/mantissa_calc.sv   ;         ;
; ../Modules/lzc.sv                ; yes             ; User SystemVerilog HDL File  ; A:/Desktop/Floating_point_adder/Modules/lzc.sv             ;         ;
; ../Modules/fp_adder_top.sv       ; yes             ; User SystemVerilog HDL File  ; A:/Desktop/Floating_point_adder/Modules/fp_adder_top.sv    ;         ;
; ../Modules/fp_adder.sv           ; yes             ; User SystemVerilog HDL File  ; A:/Desktop/Floating_point_adder/Modules/fp_adder.sv        ;         ;
; ../Modules/exponent_calc.sv      ; yes             ; User SystemVerilog HDL File  ; A:/Desktop/Floating_point_adder/Modules/exponent_calc.sv   ;         ;
; ../Modules/exception_adder.sv    ; yes             ; User SystemVerilog HDL File  ; A:/Desktop/Floating_point_adder/Modules/exception_adder.sv ;         ;
+----------------------------------+-----------------+------------------------------+------------------------------------------------------------+---------+


+---------------------------------------------------------+
; Analysis & Synthesis Resource Usage Summary             ;
+---------------------------------------------+-----------+
; Resource                                    ; Usage     ;
+---------------------------------------------+-----------+
; Estimated Total logic elements              ; 861       ;
;                                             ;           ;
; Total combinational functions               ; 794       ;
; Logic element usage by number of LUT inputs ;           ;
;     -- 4 input functions                    ; 367       ;
;     -- 3 input functions                    ; 350       ;
;     -- <=2 input functions                  ; 77        ;
;                                             ;           ;
; Logic elements by mode                      ;           ;
;     -- normal mode                          ; 623       ;
;     -- arithmetic mode                      ; 171       ;
;                                             ;           ;
; Total registers                             ; 105       ;
;     -- Dedicated logic registers            ; 105       ;
;     -- I/O registers                        ; 0         ;
;                                             ;           ;
; I/O pins                                    ; 109       ;
;                                             ;           ;
; Embedded Multiplier 9-bit elements          ; 0         ;
;                                             ;           ;
; Maximum fan-out node                        ; clk~input ;
; Maximum fan-out                             ; 105       ;
; Total fan-out                               ; 3191      ;
; Average fan-out                             ; 2.86      ;
+---------------------------------------------+-----------+


+-----------------------------------------------------------------------------------------------------------------------------------------------------------------------------------------------------------------------------------------------------------------------------+
; Analysis & Synthesis Resource Utilization by Entity                                                                                                                                                                                                                         ;
+-------------------------------------------+---------------------+---------------------------+-------------+--------------+---------+-----------+------+--------------+---------------------------------------------------------------------+-----------------+--------------+
; Compilation Hierarchy Node                ; Combinational ALUTs ; Dedicated Logic Registers ; Memory Bits ; DSP Elements ; DSP 9x9 ; DSP 18x18 ; Pins ; Virtual Pins ; Full Hierarchy Name                                                 ; Entity Name     ; Library Name ;
+-------------------------------------------+---------------------+---------------------------+-------------+--------------+---------+-----------+------+--------------+---------------------------------------------------------------------+-----------------+--------------+
; |fp_adder_top                             ; 794 (31)            ; 105 (105)                 ; 0           ; 0            ; 0       ; 0         ; 109  ; 0            ; |fp_adder_top                                                       ; fp_adder_top    ; work         ;
;    |fp_adder:main_adder|                  ; 763 (74)            ; 0 (0)                     ; 0           ; 0            ; 0       ; 0         ; 0    ; 0            ; |fp_adder_top|fp_adder:main_adder                                   ; fp_adder        ; work         ;
;       |exception_adder:exception_adder_1| ; 52 (52)             ; 0 (0)                     ; 0           ; 0            ; 0       ; 0         ; 0    ; 0            ; |fp_adder_top|fp_adder:main_adder|exception_adder:exception_adder_1 ; exception_adder ; work         ;
;       |exponent_calc:exponent_calc_1|     ; 39 (39)             ; 0 (0)                     ; 0           ; 0            ; 0       ; 0         ; 0    ; 0            ; |fp_adder_top|fp_adder:main_adder|exponent_calc:exponent_calc_1     ; exponent_calc   ; work         ;
;       |mantissa_calc:mant_calc_1|         ; 326 (326)           ; 0 (0)                     ; 0           ; 0            ; 0       ; 0         ; 0    ; 0            ; |fp_adder_top|fp_adder:main_adder|mantissa_calc:mant_calc_1         ; mantissa_calc   ; work         ;
;       |norm_adder:norm_adder_1|           ; 240 (203)           ; 0 (0)                     ; 0           ; 0            ; 0       ; 0         ; 0    ; 0            ; |fp_adder_top|fp_adder:main_adder|norm_adder:norm_adder_1           ; norm_adder      ; work         ;
;          |lzc:lzc_1|                      ; 37 (37)             ; 0 (0)                     ; 0           ; 0            ; 0       ; 0         ; 0    ; 0            ; |fp_adder_top|fp_adder:main_adder|norm_adder:norm_adder_1|lzc:lzc_1 ; lzc             ; work         ;
;       |round_adder:round_adder_1|         ; 32 (32)             ; 0 (0)                     ; 0           ; 0            ; 0       ; 0         ; 0    ; 0            ; |fp_adder_top|fp_adder:main_adder|round_adder:round_adder_1         ; round_adder     ; work         ;
+-------------------------------------------+---------------------+---------------------------+-------------+--------------+---------+-----------+------+--------------+---------------------------------------------------------------------+-----------------+--------------+
Note: For table entries with two numbers listed, the numbers in parentheses indicate the number of resources of the given type used by the specific entity alone. The numbers listed outside of parentheses indicate the total resources of the given type used by the specific entity and all of its sub-entities in the hierarchy.


+--------------------------------------------------------------------------------+
; Registers Removed During Synthesis                                             ;
+---------------------------------------+----------------------------------------+
; Register name                         ; Reason for Removal                     ;
+---------------------------------------+----------------------------------------+
; status[7]~reg0                        ; Stuck at GND due to stuck port data_in ;
; status[6]~reg0                        ; Stuck at GND due to stuck port data_in ;
; Total Number of Removed Registers = 2 ;                                        ;
+---------------------------------------+----------------------------------------+


+------------------------------------------------------+
; General Register Statistics                          ;
+----------------------------------------------+-------+
; Statistic                                    ; Value ;
+----------------------------------------------+-------+
; Total registers                              ; 105   ;
; Number of registers using Synchronous Clear  ; 22    ;
; Number of registers using Synchronous Load   ; 23    ;
; Number of registers using Asynchronous Clear ; 105   ;
; Number of registers using Asynchronous Load  ; 0     ;
; Number of registers using Clock Enable       ; 0     ;
; Number of registers using Preset             ; 0     ;
+----------------------------------------------+-------+


+-----------------------------------------------------------------------------------------------------------------------------------------------------------------------------------------------------+
; Multiplexer Restructuring Statistics (Restructuring Performed)                                                                                                                                      ;
+--------------------+-----------+---------------+----------------------+------------------------+------------+---------------------------------------------------------------------------------------+
; Multiplexer Inputs ; Bus Width ; Baseline Area ; Area if Restructured ; Saving if Restructured ; Registered ; Example Multiplexer Output                                                            ;
+--------------------+-----------+---------------+----------------------+------------------------+------------+---------------------------------------------------------------------------------------+
; 18:1               ; 8 bits    ; 96 LEs        ; 32 LEs               ; 64 LEs                 ; Yes        ; |fp_adder_top|result[28]~reg0                                                         ;
; 15:1               ; 22 bits   ; 220 LEs       ; 44 LEs               ; 176 LEs                ; Yes        ; |fp_adder_top|result[7]~reg0                                                          ;
; 4:1                ; 17 bits   ; 34 LEs        ; 17 LEs               ; 17 LEs                 ; No         ; |fp_adder_top|fp_adder:main_adder|mantissa_calc:mant_calc_1|shifted_smaller[23]       ;
; 4:1                ; 10 bits   ; 20 LEs        ; 20 LEs               ; 0 LEs                  ; No         ; |fp_adder_top|fp_adder:main_adder|mantissa_calc:mant_calc_1|ShiftRight0               ;
; 4:1                ; 6 bits    ; 12 LEs        ; 12 LEs               ; 0 LEs                  ; No         ; |fp_adder_top|fp_adder:main_adder|mantissa_calc:mant_calc_1|ShiftRight0               ;
; 4:1                ; 8 bits    ; 16 LEs        ; 16 LEs               ; 0 LEs                  ; No         ; |fp_adder_top|fp_adder:main_adder|norm_adder:norm_adder_1|norm_exp[2]                 ;
; 5:1                ; 9 bits    ; 27 LEs        ; 18 LEs               ; 9 LEs                  ; No         ; |fp_adder_top|fp_adder:main_adder|mantissa_calc:mant_calc_1|shifted_smaller[1]        ;
; 5:1                ; 6 bits    ; 18 LEs        ; 18 LEs               ; 0 LEs                  ; No         ; |fp_adder_top|fp_adder:main_adder|mantissa_calc:mant_calc_1|ShiftRight0               ;
; 5:1                ; 11 bits   ; 33 LEs        ; 22 LEs               ; 11 LEs                 ; No         ; |fp_adder_top|fp_adder:main_adder|norm_adder:norm_adder_1|norm_mant[5]                ;
; 6:1                ; 5 bits    ; 20 LEs        ; 15 LEs               ; 5 LEs                  ; No         ; |fp_adder_top|fp_adder:main_adder|norm_adder:norm_adder_1|norm_mant[15]               ;
; 6:1                ; 3 bits    ; 12 LEs        ; 9 LEs                ; 3 LEs                  ; No         ; |fp_adder_top|fp_adder:main_adder|norm_adder:norm_adder_1|norm_mant[17]               ;
; 7:1                ; 4 bits    ; 16 LEs        ; 16 LEs               ; 0 LEs                  ; No         ; |fp_adder_top|fp_adder:main_adder|norm_adder:norm_adder_1|norm_mant[22]               ;
; 8:1                ; 2 bits    ; 10 LEs        ; 10 LEs               ; 0 LEs                  ; No         ; |fp_adder_top|fp_adder:main_adder|norm_adder:norm_adder_1|norm_mant[24]               ;
; 25:1               ; 2 bits    ; 32 LEs        ; 24 LEs               ; 8 LEs                  ; No         ; |fp_adder_top|fp_adder:main_adder|norm_adder:norm_adder_1|lzc:lzc_1|leading_zeroes[3] ;
+--------------------+-----------+---------------+----------------------+------------------------+------------+---------------------------------------------------------------------------------------+


+---------------------------------------------------------------------------+
; Port Connectivity Checks: "fp_adder:main_adder|mantissa_calc:mant_calc_1" ;
+------------+-------+----------+-------------------------------------------+
; Port       ; Type  ; Severity ; Details                                   ;
+------------+-------+----------+-------------------------------------------+
; mant_a[23] ; Input ; Info     ; Stuck at VCC                              ;
; mant_b[23] ; Input ; Info     ; Stuck at VCC                              ;
+------------+-------+----------+-------------------------------------------+


+-----------------------------------------------------+
; Post-Synthesis Netlist Statistics for Top Partition ;
+-----------------------+-----------------------------+
; Type                  ; Count                       ;
+-----------------------+-----------------------------+
; boundary_port         ; 109                         ;
; cycloneiii_ff         ; 105                         ;
;     CLR               ; 82                          ;
;     CLR SCLR SLD      ; 22                          ;
;     CLR SLD           ; 1                           ;
; cycloneiii_lcell_comb ; 795                         ;
;     arith             ; 171                         ;
;         2 data inputs ; 33                          ;
;         3 data inputs ; 138                         ;
;     normal            ; 624                         ;
;         0 data inputs ; 6                           ;
;         1 data inputs ; 1                           ;
;         2 data inputs ; 38                          ;
;         3 data inputs ; 212                         ;
;         4 data inputs ; 367                         ;
;                       ;                             ;
; Max LUT depth         ; 39.20                       ;
; Average LUT depth     ; 29.86                       ;
+-----------------------+-----------------------------+


+-------------------------------+
; Elapsed Time Per Partition    ;
+----------------+--------------+
; Partition Name ; Elapsed Time ;
+----------------+--------------+
; Top            ; 00:00:03     ;
+----------------+--------------+


+-------------------------------+
; Analysis & Synthesis Messages ;
+-------------------------------+
Info: *******************************************************************
Info: Running Quartus Prime Analysis & Synthesis
    Info: Version 21.1.0 Build 842 10/21/2021 SJ Lite Edition
    Info: Processing started: Sat Jun 20 19:16:10 2026
Info: Command: quartus_map --read_settings_files=on --write_settings_files=off Floating_point_adder_unit -c fp_adder_top
Warning (18236): Number of processors has not been specified which may cause overloading on shared machines.  Set the global assignment NUM_PARALLEL_PROCESSORS in your QSF to an appropriate value for best performance.
Info (20030): Parallel compilation is enabled and will use 12 of the 12 processors detected
Info (12021): Found 1 design units, including 0 entities, in source file /desktop/floating_point_adder/modules/round_pkg.sv
    Info (12022): Found design unit 1: round_pkg (SystemVerilog) File: A:/Desktop/Floating_point_adder/Modules/round_pkg.sv Line: 1
Info (12021): Found 1 design units, including 1 entities, in source file /desktop/floating_point_adder/modules/round_adder.sv
    Info (12023): Found entity 1: round_adder File: A:/Desktop/Floating_point_adder/Modules/round_adder.sv Line: 3
Info (12021): Found 1 design units, including 1 entities, in source file /desktop/floating_point_adder/modules/norm_adder.sv
    Info (12023): Found entity 1: norm_adder File: A:/Desktop/Floating_point_adder/Modules/norm_adder.sv Line: 1
Info (12021): Found 1 design units, including 1 entities, in source file /desktop/floating_point_adder/modules/mantissa_calc.sv
    Info (12023): Found entity 1: mantissa_calc File: A:/Desktop/Floating_point_adder/Modules/mantissa_calc.sv Line: 1
Info (12021): Found 1 design units, including 1 entities, in source file /desktop/floating_point_adder/modules/lzc.sv
    Info (12023): Found entity 1: lzc File: A:/Desktop/Floating_point_adder/Modules/lzc.sv Line: 1
Info (12021): Found 1 design units, including 1 entities, in source file /desktop/floating_point_adder/modules/fp_adder_top.sv
    Info (12023): Found entity 1: fp_adder_top File: A:/Desktop/Floating_point_adder/Modules/fp_adder_top.sv Line: 8
Info (12021): Found 1 design units, including 1 entities, in source file /desktop/floating_point_adder/modules/fp_adder.sv
    Info (12023): Found entity 1: fp_adder File: A:/Desktop/Floating_point_adder/Modules/fp_adder.sv Line: 1
Info (12021): Found 1 design units, including 1 entities, in source file /desktop/floating_point_adder/modules/exponent_calc.sv
    Info (12023): Found entity 1: exponent_calc File: A:/Desktop/Floating_point_adder/Modules/exponent_calc.sv Line: 1
Info (12021): Found 1 design units, including 1 entities, in source file /desktop/floating_point_adder/modules/exception_adder.sv
    Info (12023): Found entity 1: exception_adder File: A:/Desktop/Floating_point_adder/Modules/exception_adder.sv Line: 3
Info (12127): Elaborating entity "fp_adder_top" for the top level hierarchy
Info (12128): Elaborating entity "fp_adder" for hierarchy "fp_adder:main_adder" File: A:/Desktop/Floating_point_adder/Modules/fp_adder_top.sv Line: 30
Warning (10230): Verilog HDL assignment warning at fp_adder.sv(108): truncated value with size 32 to match size of target (9) File: A:/Desktop/Floating_point_adder/Modules/fp_adder.sv Line: 108
Info (12128): Elaborating entity "exponent_calc" for hierarchy "fp_adder:main_adder|exponent_calc:exponent_calc_1" File: A:/Desktop/Floating_point_adder/Modules/fp_adder.sv Line: 53
Info (12128): Elaborating entity "mantissa_calc" for hierarchy "fp_adder:main_adder|mantissa_calc:mant_calc_1" File: A:/Desktop/Floating_point_adder/Modules/fp_adder.sv Line: 69
Info (12128): Elaborating entity "norm_adder" for hierarchy "fp_adder:main_adder|norm_adder:norm_adder_1" File: A:/Desktop/Floating_point_adder/Modules/fp_adder.sv Line: 82
Warning (10230): Verilog HDL assignment warning at norm_adder.sv(16): truncated value with size 32 to match size of target (9) File: A:/Desktop/Floating_point_adder/Modules/norm_adder.sv Line: 16
Info (12128): Elaborating entity "lzc" for hierarchy "fp_adder:main_adder|norm_adder:norm_adder_1|lzc:lzc_1" File: A:/Desktop/Floating_point_adder/Modules/norm_adder.sv Line: 10
Info (12128): Elaborating entity "round_adder" for hierarchy "fp_adder:main_adder|round_adder:round_adder_1" File: A:/Desktop/Floating_point_adder/Modules/fp_adder.sv Line: 97
Info (12128): Elaborating entity "exception_adder" for hierarchy "fp_adder:main_adder|exception_adder:exception_adder_1" File: A:/Desktop/Floating_point_adder/Modules/fp_adder.sv Line: 155
Warning (13024): Output pins are stuck at VCC or GND
    Warning (13410): Pin "status[6]" is stuck at GND File: A:/Desktop/Floating_point_adder/Modules/fp_adder_top.sv Line: 37
    Warning (13410): Pin "status[7]" is stuck at GND File: A:/Desktop/Floating_point_adder/Modules/fp_adder_top.sv Line: 37
Info (286030): Timing-Driven Synthesis is running
Info (16010): Generating hard_block partition "hard_block:auto_generated_inst"
    Info (16011): Adding 0 node(s), including 0 DDIO, 0 PLL, 0 transceiver and 0 LCELL
Info (21057): Implemented 972 device resources after synthesis - the final resource count might be different
    Info (21058): Implemented 69 input pins
    Info (21059): Implemented 40 output pins
    Info (21061): Implemented 863 logic cells
Info: Quartus Prime Analysis & Synthesis was successful. 0 errors, 6 warnings
    Info: Peak virtual memory: 4852 megabytes
    Info: Processing ended: Sat Jun 20 19:16:22 2026
    Info: Elapsed time: 00:00:12
    Info: Total CPU time (on all processors): 00:00:23


